// Jest Snapshot v1, https://goo.gl/fbAQLP

exports[`Test the graphql queries QUERY: projects 1`] = `"1"`;
